Copyright 1986-2022 Xilinx, Inc. All Rights Reserved. Copyright 2022-2024 Advanced Micro Devices, Inc. All Rights Reserved.
---------------------------------------------------------------------------------------------------------------------------------------------
| Tool Version : Vivado v.2024.2 (win64) Build 5239630 Fri Nov 08 22:35:27 MST 2024
| Date         : Thu Aug 27 18:56:48 2026
| Host         : Nithesh-Vh running 64-bit major release  (build 9200)
| Command      : report_timing_summary -file ./synth_out/timing_d2.rpt
| Design       : ascon128_top
| Device       : 7a100t-csg324
| Speed File   : -1  PRODUCTION 1.23 2018-06-13
| Design State : Synthesized
---------------------------------------------------------------------------------------------------------------------------------------------

Timing Summary Report

------------------------------------------------------------------------------------------------
| Timer Settings
| --------------
------------------------------------------------------------------------------------------------

  Enable Multi Corner Analysis               :  Yes
  Enable Pessimism Removal                   :  Yes
  Pessimism Removal Resolution               :  Nearest Common Node
  Enable Input Delay Default Clock           :  No
  Enable Preset / Clear Arcs                 :  No
  Disable Flight Delays                      :  No
  Ignore I/O Paths                           :  No
  Timing Early Launch at Borrowing Latches   :  No
  Borrow Time for Max Delay Exceptions       :  Yes
  Merge Timing Exceptions                    :  Yes
  Inter-SLR Compensation                     :  Conservative

  Corner  Analyze    Analyze    
  Name    Max Paths  Min Paths  
  ------  ---------  ---------  
  Slow    Yes        Yes        
  Fast    Yes        Yes        


------------------------------------------------------------------------------------------------
| Report Methodology
| ------------------
------------------------------------------------------------------------------------------------

No report available as report_methodology has not been run prior. Run report_methodology on the current design for the summary of methodology violations.



check_timing report

Table of Contents
-----------------
1. checking no_clock (0)
2. checking constant_clock (0)
3. checking pulse_width_clock (0)
4. checking unconstrained_internal_endpoints (0)
5. checking no_input_delay (1667)
6. checking no_output_delay (842)
7. checking multiple_clock (0)
8. checking generated_clocks (0)
9. checking loops (0)
10. checking partial_input_delay (0)
11. checking partial_output_delay (0)
12. checking latch_loops (0)

1. checking no_clock (0)
------------------------
 There are 0 register/latch pins with no clock.


2. checking constant_clock (0)
------------------------------
 There are 0 register/latch pins with constant_clock.


3. checking pulse_width_clock (0)
---------------------------------
 There are 0 register/latch pins which need pulse_width check


4. checking unconstrained_internal_endpoints (0)
------------------------------------------------
 There are 0 pins that are not constrained for maximum delay.

 There are 0 pins that are not constrained for maximum delay due to constant clock.


5. checking no_input_delay (1667)
---------------------------------
 There are 1667 input ports with no input delay specified. (HIGH)

 There are 0 input ports with no input delay but user has a false path constraint.


6. checking no_output_delay (842)
---------------------------------
 There are 842 ports with no output delay specified. (HIGH)

 There are 0 ports with no output delay but user has a false path constraint

 There are 0 ports with no output delay but with a timing clock defined on it or propagating through it


7. checking multiple_clock (0)
------------------------------
 There are 0 register/latch pins with multiple clocks.


8. checking generated_clocks (0)
--------------------------------
 There are 0 generated clocks that are not connected to a clock source.


9. checking loops (0)
---------------------
 There are 0 combinational loops in the design.


10. checking partial_input_delay (0)
------------------------------------
 There are 0 input ports with partial input delay specified.


11. checking partial_output_delay (0)
-------------------------------------
 There are 0 ports with partial output delay specified.


12. checking latch_loops (0)
----------------------------
 There are 0 combinational latch loops in the design through latch input



------------------------------------------------------------------------------------------------
| Design Timing Summary
| ---------------------
------------------------------------------------------------------------------------------------

    WNS(ns)      TNS(ns)  TNS Failing Endpoints  TNS Total Endpoints      WHS(ns)      THS(ns)  THS Failing Endpoints  THS Total Endpoints     WPWS(ns)     TPWS(ns)  TPWS Failing Endpoints  TPWS Total Endpoints  
    -------      -------  ---------------------  -------------------      -------      -------  ---------------------  -------------------     --------     --------  ----------------------  --------------------  
      2.486        0.000                      0                 9189        0.274        0.000                      0                 9189        4.500        0.000                       0                  4569  


All user specified timing constraints are met.


------------------------------------------------------------------------------------------------
| Clock Summary
| -------------
------------------------------------------------------------------------------------------------

Clock  Waveform(ns)       Period(ns)      Frequency(MHz)
-----  ------------       ----------      --------------
clk    {0.000 5.000}      10.000          100.000         


------------------------------------------------------------------------------------------------
| Intra Clock Table
| -----------------
------------------------------------------------------------------------------------------------

Clock             WNS(ns)      TNS(ns)  TNS Failing Endpoints  TNS Total Endpoints      WHS(ns)      THS(ns)  THS Failing Endpoints  THS Total Endpoints     WPWS(ns)     TPWS(ns)  TPWS Failing Endpoints  TPWS Total Endpoints  
-----             -------      -------  ---------------------  -------------------      -------      -------  ---------------------  -------------------     --------     --------  ----------------------  --------------------  
clk                 2.486        0.000                      0                 9189        0.274        0.000                      0                 9189        4.500        0.000                       0                  4569  


------------------------------------------------------------------------------------------------
| Inter Clock Table
| -----------------
------------------------------------------------------------------------------------------------

From Clock    To Clock          WNS(ns)      TNS(ns)  TNS Failing Endpoints  TNS Total Endpoints      WHS(ns)      THS(ns)  THS Failing Endpoints  THS Total Endpoints  
----------    --------          -------      -------  ---------------------  -------------------      -------      -------  ---------------------  -------------------  


------------------------------------------------------------------------------------------------
| Other Path Groups Table
| -----------------------
------------------------------------------------------------------------------------------------

Path Group    From Clock    To Clock          WNS(ns)      TNS(ns)  TNS Failing Endpoints  TNS Total Endpoints      WHS(ns)      THS(ns)  THS Failing Endpoints  THS Total Endpoints  
----------    ----------    --------          -------      -------  ---------------------  -------------------      -------      -------  ---------------------  -------------------  


------------------------------------------------------------------------------------------------
| Timing Details
| --------------
------------------------------------------------------------------------------------------------


---------------------------------------------------------------------------------------------------
From Clock:  clk
  To Clock:  clk

Setup :            0  Failing Endpoints,  Worst Slack        2.486ns,  Total Violation        0.000ns
Hold  :            0  Failing Endpoints,  Worst Slack        0.274ns,  Total Violation        0.000ns
PW    :            0  Failing Endpoints,  Worst Slack        4.500ns,  Total Violation        0.000ns
---------------------------------------------------------------------------------------------------


Max Delay Paths
--------------------------------------------------------------------------------------
Slack (MET) :             2.486ns  (required time - arrival time)
  Source:                 gen_order_2.u_ascon_d2/u_rc/ctr_reg[3]/C
                            (rising edge-triggered cell FDRE clocked by clk  {rise@0.000ns fall@5.000ns period=10.000ns})
  Destination:            gen_order_2.u_ascon_d2/u_perm/x1_3_q_reg[10]/D
                            (rising edge-triggered cell FDRE clocked by clk  {rise@0.000ns fall@5.000ns period=10.000ns})
  Path Group:             clk
  Path Type:              Setup (Max at Slow Process Corner)
  Requirement:            10.000ns  (clk rise@10.000ns - clk rise@0.000ns)
  Data Path Delay:        7.474ns  (logic 2.546ns (34.065%)  route 4.928ns (65.935%))
  Logic Levels:           10  (CARRY4=1 LUT3=1 LUT4=1 LUT5=4 LUT6=3)
  Clock Path Skew:        -0.049ns (DCD - SCD + CPR)
    Destination Clock Delay (DCD):    0.924ns = ( 10.924 - 10.000 ) 
    Source Clock Delay      (SCD):    0.973ns
    Clock Pessimism Removal (CPR):    0.000ns
  Clock Uncertainty:      0.035ns  ((TSJ^2 + TIJ^2)^1/2 + DJ) / 2 + PE
    Total System Jitter     (TSJ):    0.071ns
    Total Input Jitter      (TIJ):    0.000ns
    Discrete Jitter          (DJ):    0.000ns
    Phase Error              (PE):    0.000ns

    Location             Delay type                Incr(ns)  Path(ns)    Netlist Resource(s)
  -------------------------------------------------------------------    -------------------
                         (clock clk rise edge)        0.000     0.000 r  
                                                      0.000     0.000 r  clk (IN)
                         net (fo=4568, unset)         0.973     0.973    gen_order_2.u_ascon_d2/u_rc/clk
                         FDRE                                         r  gen_order_2.u_ascon_d2/u_rc/ctr_reg[3]/C
  -------------------------------------------------------------------    -------------------
                         FDRE (Prop_fdre_C_Q)         0.478     1.451 f  gen_order_2.u_ascon_d2/u_rc/ctr_reg[3]/Q
                         net (fo=1287, unplaced)      0.946     2.397    gen_order_2.u_ascon_d2/u_perm/Q[3]
                         LUT5 (Prop_lut5_I0_O)        0.321     2.718 f  gen_order_2.u_ascon_d2/u_perm/i___2/O
                         net (fo=7, unplaced)         0.767     3.485    gen_order_2.u_ascon_d2/u_rc/x1_1_q[32]_i_14_0
                         LUT4 (Prop_lut4_I1_O)        0.124     3.609 r  gen_order_2.u_ascon_d2/u_rc/x1_1_q[32]_i_15/O
                         net (fo=1, unplaced)         0.449     4.058    gen_order_2.u_ascon_d2/u_rc/x1_1_q[32]_i_15_n_0
                         LUT5 (Prop_lut5_I4_O)        0.124     4.182 r  gen_order_2.u_ascon_d2/u_rc/x1_1_q[32]_i_13/O
                         net (fo=1, unplaced)         0.000     4.182    gen_order_2.u_ascon_d2/u_rc/x1_1_q[32]_i_13_n_0
                         CARRY4 (Prop_carry4_S[1]_O[2])
                                                      0.578     4.760 r  gen_order_2.u_ascon_d2/u_rc/x1_1_q_reg[32]_i_9/O[2]
                         net (fo=1, unplaced)         0.452     5.212    gen_order_2.u_ascon_d2/u_rc/u_perm/u_rc_d2/rc[7]
                         LUT5 (Prop_lut5_I1_O)        0.301     5.513 r  gen_order_2.u_ascon_d2/u_rc/x1_1_q[32]_i_5/O
                         net (fo=14, unplaced)        0.500     6.013    gen_order_2.u_ascon_d2/u_perm/x3_3_q[61]_i_5_0[7]
                         LUT6 (Prop_lut6_I4_O)        0.124     6.137 r  gen_order_2.u_ascon_d2/u_perm/x1_3_q[32]_i_6/O
                         net (fo=1, unplaced)         0.449     6.586    gen_order_2.u_ascon_d2/u_perm/x1_3_q[32]_i_6_n_0
                         LUT6 (Prop_lut6_I5_O)        0.124     6.710 r  gen_order_2.u_ascon_d2/u_perm/x1_3_q[32]_i_4/O
                         net (fo=1, unplaced)         0.449     7.159    gen_order_2.u_ascon_d2/u_perm/x1_3_q[32]_i_4_n_0
                         LUT5 (Prop_lut5_I4_O)        0.124     7.283 r  gen_order_2.u_ascon_d2/u_perm/x1_3_q[32]_i_3/O
                         net (fo=3, unplaced)         0.467     7.750    gen_order_2.u_ascon_d2/u_perm/y1_3[7]
                         LUT3 (Prop_lut3_I0_O)        0.124     7.874 r  gen_order_2.u_ascon_d2/u_perm/x1_3_q[10]_i_2/O
                         net (fo=1, unplaced)         0.449     8.323    gen_order_2.u_ascon_d2/u_perm/x1_3_d[10]
                         LUT6 (Prop_lut6_I3_O)        0.124     8.447 r  gen_order_2.u_ascon_d2/u_perm/x1_3_q[10]_i_1/O
                         net (fo=1, unplaced)         0.000     8.447    gen_order_2.u_ascon_d2/u_perm/x1_3_q[10]
                         FDRE                                         r  gen_order_2.u_ascon_d2/u_perm/x1_3_q_reg[10]/D
  -------------------------------------------------------------------    -------------------

                         (clock clk rise edge)       10.000    10.000 r  
                                                      0.000    10.000 r  clk (IN)
                         net (fo=4568, unset)         0.924    10.924    gen_order_2.u_ascon_d2/u_perm/clk
                         FDRE                                         r  gen_order_2.u_ascon_d2/u_perm/x1_3_q_reg[10]/C
                         clock pessimism              0.000    10.924    
                         clock uncertainty           -0.035    10.889    
                         FDRE (Setup_fdre_C_D)        0.044    10.933    gen_order_2.u_ascon_d2/u_perm/x1_3_q_reg[10]
  -------------------------------------------------------------------
                         required time                         10.933    
                         arrival time                          -8.447    
  -------------------------------------------------------------------
                         slack                                  2.486    





Min Delay Paths
--------------------------------------------------------------------------------------
Slack (MET) :             0.274ns  (arrival time - required time)
  Source:                 gen_order_2.u_ascon_d2/u_rc/ctr_reg[2]/C
                            (rising edge-triggered cell FDRE clocked by clk  {rise@0.000ns fall@5.000ns period=10.000ns})
  Destination:            gen_order_2.u_ascon_d2/u_rc/ctr_reg[3]/D
                            (rising edge-triggered cell FDRE clocked by clk  {rise@0.000ns fall@5.000ns period=10.000ns})
  Path Group:             clk
  Path Type:              Hold (Min at Fast Process Corner)
  Requirement:            0.000ns  (clk rise@0.000ns - clk rise@0.000ns)
  Data Path Delay:        0.394ns  (logic 0.245ns (62.148%)  route 0.149ns (37.852%))
  Logic Levels:           1  (LUT4=1)
  Clock Path Skew:        0.022ns (DCD - SCD - CPR)
    Destination Clock Delay (DCD):    0.432ns
    Source Clock Delay      (SCD):    0.410ns
    Clock Pessimism Removal (CPR):    -0.000ns

    Location             Delay type                Incr(ns)  Path(ns)    Netlist Resource(s)
  -------------------------------------------------------------------    -------------------
                         (clock clk rise edge)        0.000     0.000 r  
                                                      0.000     0.000 r  clk (IN)
                         net (fo=4568, unset)         0.410     0.410    gen_order_2.u_ascon_d2/u_rc/clk
                         FDRE                                         r  gen_order_2.u_ascon_d2/u_rc/ctr_reg[2]/C
  -------------------------------------------------------------------    -------------------
                         FDRE (Prop_fdre_C_Q)         0.147     0.557 r  gen_order_2.u_ascon_d2/u_rc/ctr_reg[2]/Q
                         net (fo=10, unplaced)        0.149     0.706    gen_order_2.u_ascon_d2/u_rc/Q[2]
                         LUT4 (Prop_lut4_I3_O)        0.098     0.804 r  gen_order_2.u_ascon_d2/u_rc/ctr[3]_i_1/O
                         net (fo=1, unplaced)         0.000     0.804    gen_order_2.u_ascon_d2/u_rc/p_0_in__0[3]
                         FDRE                                         r  gen_order_2.u_ascon_d2/u_rc/ctr_reg[3]/D
  -------------------------------------------------------------------    -------------------

                         (clock clk rise edge)        0.000     0.000 r  
                                                      0.000     0.000 r  clk (IN)
                         net (fo=4568, unset)         0.432     0.432    gen_order_2.u_ascon_d2/u_rc/clk
                         FDRE                                         r  gen_order_2.u_ascon_d2/u_rc/ctr_reg[3]/C
                         clock pessimism              0.000     0.432    
                         FDRE (Hold_fdre_C_D)         0.099     0.531    gen_order_2.u_ascon_d2/u_rc/ctr_reg[3]
  -------------------------------------------------------------------
                         required time                         -0.531    
                         arrival time                           0.804    
  -------------------------------------------------------------------
                         slack                                  0.274    





Pulse Width Checks
--------------------------------------------------------------------------------------
Clock Name:         clk
Waveform(ns):       { 0.000 5.000 }
Period(ns):         10.000
Sources:            { clk }

Check Type        Corner  Lib Pin  Reference Pin  Required(ns)  Actual(ns)  Slack(ns)  Location  Pin
Min Period        n/a     FDRE/C   n/a            1.000         10.000      9.000                gen_order_2.u_ascon_d2/FSM_sequential_state_reg[0]/C
Low Pulse Width   Slow    FDRE/C   n/a            0.500         5.000       4.500                gen_order_2.u_ascon_d2/FSM_sequential_state_reg[0]/C
High Pulse Width  Slow    FDRE/C   n/a            0.500         5.000       4.500                gen_order_2.u_ascon_d2/FSM_sequential_state_reg[0]/C



