Copyright 1986-2022 Xilinx, Inc. All Rights Reserved. Copyright 2022-2024 Advanced Micro Devices, Inc. All Rights Reserved.
---------------------------------------------------------------------------------------------------------------------------------------------
| Tool Version : Vivado v.2024.2 (win64) Build 5239630 Fri Nov 08 22:35:27 MST 2024
| Date         : Thu Aug 27 18:52:23 2026
| Host         : Nithesh-Vh running 64-bit major release  (build 9200)
| Command      : report_timing_summary -file ./synth_out/timing_d0.rpt
| Design       : ascon128_top
| Device       : 7a100t-csg324
| Speed File   : -1  PRODUCTION 1.23 2018-06-13
| Design State : Synthesized
---------------------------------------------------------------------------------------------------------------------------------------------

Timing Summary Report

------------------------------------------------------------------------------------------------
| Timer Settings
| --------------
------------------------------------------------------------------------------------------------

  Enable Multi Corner Analysis               :  Yes
  Enable Pessimism Removal                   :  Yes
  Pessimism Removal Resolution               :  Nearest Common Node
  Enable Input Delay Default Clock           :  No
  Enable Preset / Clear Arcs                 :  No
  Disable Flight Delays                      :  No
  Ignore I/O Paths                           :  No
  Timing Early Launch at Borrowing Latches   :  No
  Borrow Time for Max Delay Exceptions       :  Yes
  Merge Timing Exceptions                    :  Yes
  Inter-SLR Compensation                     :  Conservative

  Corner  Analyze    Analyze    
  Name    Max Paths  Min Paths  
  ------  ---------  ---------  
  Slow    Yes        Yes        
  Fast    Yes        Yes        


------------------------------------------------------------------------------------------------
| Report Methodology
| ------------------
------------------------------------------------------------------------------------------------

No report available as report_methodology has not been run prior. Run report_methodology on the current design for the summary of methodology violations.



check_timing report

Table of Contents
-----------------
1. checking no_clock (0)
2. checking constant_clock (0)
3. checking pulse_width_clock (0)
4. checking unconstrained_internal_endpoints (0)
5. checking no_input_delay (467)
6. checking no_output_delay (338)
7. checking multiple_clock (0)
8. checking generated_clocks (0)
9. checking loops (0)
10. checking partial_input_delay (0)
11. checking partial_output_delay (0)
12. checking latch_loops (0)

1. checking no_clock (0)
------------------------
 There are 0 register/latch pins with no clock.


2. checking constant_clock (0)
------------------------------
 There are 0 register/latch pins with constant_clock.


3. checking pulse_width_clock (0)
---------------------------------
 There are 0 register/latch pins which need pulse_width check


4. checking unconstrained_internal_endpoints (0)
------------------------------------------------
 There are 0 pins that are not constrained for maximum delay.

 There are 0 pins that are not constrained for maximum delay due to constant clock.


5. checking no_input_delay (467)
--------------------------------
 There are 467 input ports with no input delay specified. (HIGH)

 There are 0 input ports with no input delay but user has a false path constraint.


6. checking no_output_delay (338)
---------------------------------
 There are 338 ports with no output delay specified. (HIGH)

 There are 0 ports with no output delay but user has a false path constraint

 There are 0 ports with no output delay but with a timing clock defined on it or propagating through it


7. checking multiple_clock (0)
------------------------------
 There are 0 register/latch pins with multiple clocks.


8. checking generated_clocks (0)
--------------------------------
 There are 0 generated clocks that are not connected to a clock source.


9. checking loops (0)
---------------------
 There are 0 combinational loops in the design.


10. checking partial_input_delay (0)
------------------------------------
 There are 0 input ports with partial input delay specified.


11. checking partial_output_delay (0)
-------------------------------------
 There are 0 ports with partial output delay specified.


12. checking latch_loops (0)
----------------------------
 There are 0 combinational latch loops in the design through latch input



------------------------------------------------------------------------------------------------
| Design Timing Summary
| ---------------------
------------------------------------------------------------------------------------------------

    WNS(ns)      TNS(ns)  TNS Failing Endpoints  TNS Total Endpoints      WHS(ns)      THS(ns)  THS Failing Endpoints  THS Total Endpoints     WPWS(ns)     TPWS(ns)  TPWS Failing Endpoints  TPWS Total Endpoints  
    -------      -------  ---------------------  -------------------      -------      -------  ---------------------  -------------------     --------     --------  ----------------------  --------------------  
      3.729        0.000                      0                 2336        0.273        0.000                      0                 2336        4.500        0.000                       0                  1165  


All user specified timing constraints are met.


------------------------------------------------------------------------------------------------
| Clock Summary
| -------------
------------------------------------------------------------------------------------------------

Clock  Waveform(ns)       Period(ns)      Frequency(MHz)
-----  ------------       ----------      --------------
clk    {0.000 5.000}      10.000          100.000         


------------------------------------------------------------------------------------------------
| Intra Clock Table
| -----------------
------------------------------------------------------------------------------------------------

Clock             WNS(ns)      TNS(ns)  TNS Failing Endpoints  TNS Total Endpoints      WHS(ns)      THS(ns)  THS Failing Endpoints  THS Total Endpoints     WPWS(ns)     TPWS(ns)  TPWS Failing Endpoints  TPWS Total Endpoints  
-----             -------      -------  ---------------------  -------------------      -------      -------  ---------------------  -------------------     --------     --------  ----------------------  --------------------  
clk                 3.729        0.000                      0                 2336        0.273        0.000                      0                 2336        4.500        0.000                       0                  1165  


------------------------------------------------------------------------------------------------
| Inter Clock Table
| -----------------
------------------------------------------------------------------------------------------------

From Clock    To Clock          WNS(ns)      TNS(ns)  TNS Failing Endpoints  TNS Total Endpoints      WHS(ns)      THS(ns)  THS Failing Endpoints  THS Total Endpoints  
----------    --------          -------      -------  ---------------------  -------------------      -------      -------  ---------------------  -------------------  


------------------------------------------------------------------------------------------------
| Other Path Groups Table
| -----------------------
------------------------------------------------------------------------------------------------

Path Group    From Clock    To Clock          WNS(ns)      TNS(ns)  TNS Failing Endpoints  TNS Total Endpoints      WHS(ns)      THS(ns)  THS Failing Endpoints  THS Total Endpoints  
----------    ----------    --------          -------      -------  ---------------------  -------------------      -------      -------  ---------------------  -------------------  


------------------------------------------------------------------------------------------------
| Timing Details
| --------------
------------------------------------------------------------------------------------------------


---------------------------------------------------------------------------------------------------
From Clock:  clk
  To Clock:  clk

Setup :            0  Failing Endpoints,  Worst Slack        3.729ns,  Total Violation        0.000ns
Hold  :            0  Failing Endpoints,  Worst Slack        0.273ns,  Total Violation        0.000ns
PW    :            0  Failing Endpoints,  Worst Slack        4.500ns,  Total Violation        0.000ns
---------------------------------------------------------------------------------------------------


Max Delay Paths
--------------------------------------------------------------------------------------
Slack (MET) :             3.729ns  (required time - arrival time)
  Source:                 gen_order_0.u_ascon_d0/block_ctr_reg[5]/C
                            (rising edge-triggered cell FDRE clocked by clk  {rise@0.000ns fall@5.000ns period=10.000ns})
  Destination:            gen_order_0.u_ascon_d0/out_buf_reg[24]/D
                            (rising edge-triggered cell FDRE clocked by clk  {rise@0.000ns fall@5.000ns period=10.000ns})
  Path Group:             clk
  Path Type:              Setup (Max at Slow Process Corner)
  Requirement:            10.000ns  (clk rise@10.000ns - clk rise@0.000ns)
  Data Path Delay:        6.231ns  (logic 2.433ns (39.047%)  route 3.798ns (60.953%))
  Logic Levels:           8  (CARRY4=3 LUT2=1 LUT4=1 LUT5=1 LUT6=2)
  Clock Path Skew:        -0.049ns (DCD - SCD + CPR)
    Destination Clock Delay (DCD):    0.924ns = ( 10.924 - 10.000 ) 
    Source Clock Delay      (SCD):    0.973ns
    Clock Pessimism Removal (CPR):    0.000ns
  Clock Uncertainty:      0.035ns  ((TSJ^2 + TIJ^2)^1/2 + DJ) / 2 + PE
    Total System Jitter     (TSJ):    0.071ns
    Total Input Jitter      (TIJ):    0.000ns
    Discrete Jitter          (DJ):    0.000ns
    Phase Error              (PE):    0.000ns

    Location             Delay type                Incr(ns)  Path(ns)    Netlist Resource(s)
  -------------------------------------------------------------------    -------------------
                         (clock clk rise edge)        0.000     0.000 r  
                                                      0.000     0.000 r  clk (IN)
                         net (fo=1164, unset)         0.973     0.973    gen_order_0.u_ascon_d0/clk
                         FDRE                                         r  gen_order_0.u_ascon_d0/block_ctr_reg[5]/C
  -------------------------------------------------------------------    -------------------
                         FDRE (Prop_fdre_C_Q)         0.478     1.451 r  gen_order_0.u_ascon_d0/block_ctr_reg[5]/Q
                         net (fo=4, unplaced)         0.989     2.440    gen_order_0.u_ascon_d0/block_ctr_reg_n_0_[5]
                         LUT6 (Prop_lut6_I0_O)        0.295     2.735 r  gen_order_0.u_ascon_d0/block_ctr[0]_i_2/O
                         net (fo=23, unplaced)        0.512     3.247    gen_order_0.u_ascon_d0/block_ctr[0]_i_2_n_0
                         LUT2 (Prop_lut2_I1_O)        0.124     3.371 r  gen_order_0.u_ascon_d0/out_buf[63]_i_24/O
                         net (fo=1, unplaced)         0.000     3.371    gen_order_0.u_ascon_d0/out_buf[63]_i_24_n_0
                         CARRY4 (Prop_carry4_S[1]_CO[3])
                                                      0.533     3.904 r  gen_order_0.u_ascon_d0/out_buf_reg[63]_i_10/CO[3]
                         net (fo=1, unplaced)         0.000     3.904    gen_order_0.u_ascon_d0/out_buf_reg[63]_i_10_n_0
                         CARRY4 (Prop_carry4_CI_CO[3])
                                                      0.117     4.021 r  gen_order_0.u_ascon_d0/out_buf_reg[63]_i_9/CO[3]
                         net (fo=1, unplaced)         0.000     4.021    gen_order_0.u_ascon_d0/out_buf_reg[63]_i_9_n_0
                         CARRY4 (Prop_carry4_CI_O[3])
                                                      0.331     4.352 f  gen_order_0.u_ascon_d0/out_buf_reg[63]_i_26/O[3]
                         net (fo=1, unplaced)         0.830     5.182    gen_order_0.u_ascon_d0/p_0_in[22]
                         LUT4 (Prop_lut4_I1_O)        0.307     5.489 f  gen_order_0.u_ascon_d0/out_buf[63]_i_15/O
                         net (fo=1, unplaced)         0.941     6.430    gen_order_0.u_ascon_d0/out_buf[63]_i_15_n_0
                         LUT5 (Prop_lut5_I1_O)        0.124     6.554 f  gen_order_0.u_ascon_d0/out_buf[63]_i_7/O
                         net (fo=40, unplaced)        0.526     7.080    gen_order_0.u_ascon_d0/out_buf[63]_i_7_n_0
                         LUT6 (Prop_lut6_I4_O)        0.124     7.204 r  gen_order_0.u_ascon_d0/out_buf[24]_i_1/O
                         net (fo=1, unplaced)         0.000     7.204    gen_order_0.u_ascon_d0/out_buf0_in[24]
                         FDRE                                         r  gen_order_0.u_ascon_d0/out_buf_reg[24]/D
  -------------------------------------------------------------------    -------------------

                         (clock clk rise edge)       10.000    10.000 r  
                                                      0.000    10.000 r  clk (IN)
                         net (fo=1164, unset)         0.924    10.924    gen_order_0.u_ascon_d0/clk
                         FDRE                                         r  gen_order_0.u_ascon_d0/out_buf_reg[24]/C
                         clock pessimism              0.000    10.924    
                         clock uncertainty           -0.035    10.889    
                         FDRE (Setup_fdre_C_D)        0.044    10.933    gen_order_0.u_ascon_d0/out_buf_reg[24]
  -------------------------------------------------------------------
                         required time                         10.933    
                         arrival time                          -7.204    
  -------------------------------------------------------------------
                         slack                                  3.729    





Min Delay Paths
--------------------------------------------------------------------------------------
Slack (MET) :             0.273ns  (arrival time - required time)
  Source:                 gen_order_0.u_ascon_d0/u_perm/round_ctr_reg[0]/C
                            (rising edge-triggered cell FDRE clocked by clk  {rise@0.000ns fall@5.000ns period=10.000ns})
  Destination:            gen_order_0.u_ascon_d0/u_perm/round_ctr_reg[0]/D
                            (rising edge-triggered cell FDRE clocked by clk  {rise@0.000ns fall@5.000ns period=10.000ns})
  Path Group:             clk
  Path Type:              Hold (Min at Fast Process Corner)
  Requirement:            0.000ns  (clk rise@0.000ns - clk rise@0.000ns)
  Data Path Delay:        0.393ns  (logic 0.245ns (62.282%)  route 0.148ns (37.718%))
  Logic Levels:           1  (LUT1=1)
  Clock Path Skew:        0.022ns (DCD - SCD - CPR)
    Destination Clock Delay (DCD):    0.432ns
    Source Clock Delay      (SCD):    0.410ns
    Clock Pessimism Removal (CPR):    -0.000ns

    Location             Delay type                Incr(ns)  Path(ns)    Netlist Resource(s)
  -------------------------------------------------------------------    -------------------
                         (clock clk rise edge)        0.000     0.000 r  
                                                      0.000     0.000 r  clk (IN)
                         net (fo=1164, unset)         0.410     0.410    gen_order_0.u_ascon_d0/u_perm/clk
                         FDRE                                         r  gen_order_0.u_ascon_d0/u_perm/round_ctr_reg[0]/C
  -------------------------------------------------------------------    -------------------
                         FDRE (Prop_fdre_C_Q)         0.147     0.557 f  gen_order_0.u_ascon_d0/u_perm/round_ctr_reg[0]/Q
                         net (fo=9, unplaced)         0.148     0.706    gen_order_0.u_ascon_d0/u_perm/round_ctr_reg[0]
                         LUT1 (Prop_lut1_I0_O)        0.098     0.804 r  gen_order_0.u_ascon_d0/u_perm/round_ctr[0]_i_1/O
                         net (fo=1, unplaced)         0.000     0.804    gen_order_0.u_ascon_d0/u_perm/p_0_in[0]
                         FDRE                                         r  gen_order_0.u_ascon_d0/u_perm/round_ctr_reg[0]/D
  -------------------------------------------------------------------    -------------------

                         (clock clk rise edge)        0.000     0.000 r  
                                                      0.000     0.000 r  clk (IN)
                         net (fo=1164, unset)         0.432     0.432    gen_order_0.u_ascon_d0/u_perm/clk
                         FDRE                                         r  gen_order_0.u_ascon_d0/u_perm/round_ctr_reg[0]/C
                         clock pessimism              0.000     0.432    
                         FDRE (Hold_fdre_C_D)         0.099     0.531    gen_order_0.u_ascon_d0/u_perm/round_ctr_reg[0]
  -------------------------------------------------------------------
                         required time                         -0.531    
                         arrival time                           0.804    
  -------------------------------------------------------------------
                         slack                                  0.273    





Pulse Width Checks
--------------------------------------------------------------------------------------
Clock Name:         clk
Waveform(ns):       { 0.000 5.000 }
Period(ns):         10.000
Sources:            { clk }

Check Type        Corner  Lib Pin  Reference Pin  Required(ns)  Actual(ns)  Slack(ns)  Location  Pin
Min Period        n/a     FDRE/C   n/a            1.000         10.000      9.000                gen_order_0.u_ascon_d0/FSM_sequential_state_reg[0]/C
Low Pulse Width   Slow    FDRE/C   n/a            0.500         5.000       4.500                gen_order_0.u_ascon_d0/FSM_sequential_state_reg[0]/C
High Pulse Width  Slow    FDRE/C   n/a            0.500         5.000       4.500                gen_order_0.u_ascon_d0/FSM_sequential_state_reg[0]/C



